#
# spec file for package binary-search
#
# Copyright (c) 2018 SUSE LINUX GmbH, Nuernberg, Germany.
#
# All modifications and additions to the file contributed by third parties
# remain the property of their copyright owners, unless otherwise agreed
# upon. The license for this file, and modifications and additions to the
# file, is the same license as for the pristine package itself (unless the
# license for the pristine package is not an Open Source License, in which
# case the license is the MIT License). An "Open Source License" is a
# license that conforms to the Open Source Definition (Version 1.9)
# published by the Open Source Initiative.

# Please submit bugfixes or comments via http://bugs.opensuse.org/
#

%global pkg_name binary-search

%bcond_with tests

Name:           %{pkg_name}
Version:        1.0.0.3
Release:        0
Summary:        Binary and exponential searches
Group:          Development/Libraries/Haskell

License:        BSD-3-Clause
Url:            https://hackage.haskell.org/package/%{name}
Source0:        https://hackage.haskell.org/package/%{name}-%{version}/%{name}-%{version}.tar.gz

BuildRequires:  ghc-Cabal-devel
BuildRequires:  ghc-rpm-macros
BuildRequires:  ghc-containers-devel
BuildRequires:  ghc-transformers-devel
%if %{with tests}
BuildRequires:  ghc-QuickCheck-devel
BuildRequires:  ghc-directory-devel
BuildRequires:  ghc-doctest-devel
BuildRequires:  ghc-filepath-devel
BuildRequires:  ghc-hspec-devel
%endif

%description
__Introduction__

This package provides varieties of binary search functions. c.f.
"Numeric.Search" for the examples.

These search function can search for pure and monadic predicates, of type:

> pred :: Eq b => a -> b > pred :: (Eq b, Monad m) => a -> m b

The predicates must satisfy that the domain range for any codomain value is
continuous; that is, '∀x≦y≦z. pred x == pred z ⇒ pred y == pred x' .

For example, we can address the problem of finding the boundary of an
upward-closed set of integers, using a combination of exponential and binary
searches.

Variants are provided for searching within bounded and unbounded intervals of
both 'Integer' and bounded integral types.

The package was created by Ross Paterson, and extended by Takayuki Muranushi,
to be used together with SMT solvers.

__The Module Structure__

* "Numeric.Search" provides the generic search combinator, to search for pure
and monadic predicates. * "Numeric.Search.Bounded" , "Numeric.Search.Integer" ,
"Numeric.Search.Range" provides the various specialized searchers, which means
less number of function arguments, and easier to use.

<<https://travis-ci.org/nushio3/binary-search.svg?branch=master>>.


%package -n ghc-%{name}
Summary:        Haskell %{name} library
Group:          System/Libraries

%description -n ghc-%{name}
This package provides the Haskell %{name} shared library.


%package -n ghc-%{name}-devel
Summary:        Haskell %{name} library development files
Group:          Development/Libraries/Haskell
Requires:       ghc-compiler = %{ghc_version}
Requires(post): ghc-compiler = %{ghc_version}
Requires(postun): ghc-compiler = %{ghc_version}
Requires:       ghc-%{name} = %{version}-%{release}

%description -n ghc-%{name}-devel
This package provides the Haskell %{name} library development files.


%prep
%setup -q

%build
%ghc_lib_build

%install
%ghc_lib_install

%check
%cabal_test

%post -n ghc-%{name}-devel
%ghc_pkg_recache

%postun -n ghc-%{name}-devel
%ghc_pkg_recache

%files
%doc LICENSE

%files -n ghc-%{name} -f ghc-%{name}.files
%defattr(-,root,root,-)
%doc LICENSE

%files -n ghc-%{name}-devel -f ghc-%{name}-devel.files
%defattr(-,root,root,-)

%changelog
