#
# spec file for package bindings-GLFW
#
# Copyright (c) 2018 SUSE LINUX GmbH, Nuernberg, Germany.
#
# All modifications and additions to the file contributed by third parties
# remain the property of their copyright owners, unless otherwise agreed
# upon. The license for this file, and modifications and additions to the
# file, is the same license as for the pristine package itself (unless the
# license for the pristine package is not an Open Source License, in which
# case the license is the MIT License). An "Open Source License" is a
# license that conforms to the Open Source Definition (Version 1.9)
# published by the Open Source Initiative.

# Please submit bugfixes or comments via http://bugs.opensuse.org/
#

%global pkg_name bindings-GLFW

%bcond_with tests

Name:           %{pkg_name}
Version:        3.1.2.3
Release:        0
Summary:        Low-level bindings to GLFW OpenGL library
Group:          Development/Libraries/Haskell

License:        BSD-3-Clause
Url:            https://hackage.haskell.org/package/%{name}
Source0:        https://hackage.haskell.org/package/%{name}-%{version}/%{name}-%{version}.tar.gz

BuildRequires:  ghc-Cabal-devel
BuildRequires:  ghc-rpm-macros
BuildRequires:  Mesa-libGL-devel
BuildRequires:  ghc-bindings-DSL-devel
BuildRequires:  ghc-template-haskell-devel
BuildRequires:  glibc-devel
BuildRequires:  libX11-devel
BuildRequires:  libXcursor-devel
BuildRequires:  libXi-devel
BuildRequires:  libXinerama-devel
BuildRequires:  libXrandr-devel
BuildRequires:  libXxf86vm-devel
%if %{with tests}
BuildRequires:  ghc-HUnit-devel
BuildRequires:  ghc-test-framework-devel
BuildRequires:  ghc-test-framework-hunit-devel
%endif

%description
Low-level bindings to GLFW (<http://www.glfw.org/>), an open source,
multi-platform library for creating windows with OpenGL contexts and managing
input and events.

The binding is to GLFW 3.1, released 2015-01-18
(<http://www.glfw.org/Version-3.1-released.html>
<http://www.glfw.org/changelog.html>).

/These bindings are too low-level for normal use./ For higher-level bindings,
see GLFW-b (<http://hackage.haskell.org/package/GLFW-b>).

If you've used GLFW before, you were probably using 2.7.x. There are some
significant differences in 3.x.x. Please see the transition guide
(<http://www.glfw.org/docs/3.1/moving.html>).


%package -n ghc-%{name}
Summary:        Haskell %{name} library
Group:          System/Libraries

%description -n ghc-%{name}
This package provides the Haskell %{name} shared library.


%package -n ghc-%{name}-devel
Summary:        Haskell %{name} library development files
Group:          Development/Libraries/Haskell
Requires:       ghc-compiler = %{ghc_version}
Requires(post): ghc-compiler = %{ghc_version}
Requires(postun): ghc-compiler = %{ghc_version}
Requires:       ghc-%{name} = %{version}-%{release}
Requires:       Mesa-libGL-devel
Requires:       glibc-devel
Requires:       libX11-devel
Requires:       libXcursor-devel
Requires:       libXi-devel
Requires:       libXinerama-devel
Requires:       libXrandr-devel
Requires:       libXxf86vm-devel

%description -n ghc-%{name}-devel
This package provides the Haskell %{name} library development files.


%prep
%setup -q

%build
%ghc_lib_build

%install
%ghc_lib_install

%check
%cabal_test

%post -n ghc-%{name}-devel
%ghc_pkg_recache

%postun -n ghc-%{name}-devel
%ghc_pkg_recache

%files
%doc LICENSE
%doc README.md

%files -n ghc-%{name} -f ghc-%{name}.files
%defattr(-,root,root,-)
%doc LICENSE

%files -n ghc-%{name}-devel -f ghc-%{name}-devel.files
%defattr(-,root,root,-)
%doc README.md

%changelog
