#
# spec file for package bytestring-strict-builder
#
# Copyright (c) 2018 SUSE LINUX GmbH, Nuernberg, Germany.
#
# All modifications and additions to the file contributed by third parties
# remain the property of their copyright owners, unless otherwise agreed
# upon. The license for this file, and modifications and additions to the
# file, is the same license as for the pristine package itself (unless the
# license for the pristine package is not an Open Source License, in which
# case the license is the MIT License). An "Open Source License" is a
# license that conforms to the Open Source Definition (Version 1.9)
# published by the Open Source Initiative.

# Please submit bugfixes or comments via http://bugs.opensuse.org/
#

%global pkg_name bytestring-strict-builder

%bcond_with tests

Name:           %{pkg_name}
Version:        0.4.5
Release:        0
Summary:        An efficient strict bytestring builder
Group:          Development/Libraries/Haskell

License:        MIT
Url:            https://hackage.haskell.org/package/%{name}
Source0:        https://hackage.haskell.org/package/%{name}-%{version}/%{name}-%{version}.tar.gz

BuildRequires:  ghc-Cabal-devel
BuildRequires:  ghc-rpm-macros
BuildRequires:  ghc-base-prelude-devel
BuildRequires:  ghc-bytestring-devel
BuildRequires:  ghc-semigroups-devel
%if %{with tests}
BuildRequires:  ghc-quickcheck-instances-devel
BuildRequires:  ghc-rerebase-devel
BuildRequires:  ghc-tasty-devel
BuildRequires:  ghc-tasty-hunit-devel
BuildRequires:  ghc-tasty-quickcheck-devel
BuildRequires:  ghc-tasty-smallcheck-devel
%endif

%description
According to <https://github.com/nikita-volkov/bytestring-builders-benchmark
the competition benchmarks>, this library provides on average the fastest
builder of strict bytestrings.

Practical benchmarks have proven it to be highly performant as well.
The encoders from the "postgresql-binary" library have shown a stable
performance improvement by factors of up to 10 after the migration from the
standard builder to "bytestring-strict-builder".


%package -n ghc-%{name}
Summary:        Haskell %{name} library
Group:          System/Libraries

%description -n ghc-%{name}
This package provides the Haskell %{name} shared library.


%package -n ghc-%{name}-devel
Summary:        Haskell %{name} library development files
Group:          Development/Libraries/Haskell
Requires:       ghc-compiler = %{ghc_version}
Requires(post): ghc-compiler = %{ghc_version}
Requires(postun): ghc-compiler = %{ghc_version}
Requires:       ghc-%{name} = %{version}-%{release}

%description -n ghc-%{name}-devel
This package provides the Haskell %{name} library development
files.


%prep
%setup -q

%build
%ghc_lib_build

%install
%ghc_lib_install

%check
%cabal_test

%post -n ghc-%{name}-devel
%ghc_pkg_recache

%postun -n ghc-%{name}-devel
%ghc_pkg_recache

%files
%doc LICENSE

%files -n ghc-%{name} -f ghc-%{name}.files
%defattr(-,root,root,-)
%doc LICENSE

%files -n ghc-%{name}-devel -f ghc-%{name}-devel.files
%defattr(-,root,root,-)

%changelog
