#
# spec file for package hsb2hs
#
# Copyright (c) 2018 SUSE LINUX GmbH, Nuernberg, Germany.
#
# All modifications and additions to the file contributed by third parties
# remain the property of their copyright owners, unless otherwise agreed
# upon. The license for this file, and modifications and additions to the
# file, is the same license as for the pristine package itself (unless the
# license for the pristine package is not an Open Source License, in which
# case the license is the MIT License). An "Open Source License" is a
# license that conforms to the Open Source Definition (Version 1.9)
# published by the Open Source Initiative.

# Please submit bugfixes or comments via http://bugs.opensuse.org/
#

Name:           hsb2hs
Version:        0.3.1
Release:        0
Summary:        Preprocesses a file, adding blobs from files as string literals
Group:          Development/Libraries/Haskell

License:        BSD-3-Clause
Url:            https://hackage.haskell.org/package/%{name}
Source0:        https://hackage.haskell.org/package/%{name}-%{version}/%{name}-%{version}.tar.gz

BuildRequires:  ghc-Cabal-devel
BuildRequires:  ghc-rpm-macros
BuildRequires:  ghc-bytestring-devel
BuildRequires:  ghc-containers-devel
BuildRequires:  ghc-directory-devel
BuildRequires:  ghc-filepath-devel
BuildRequires:  ghc-preprocessor-tools-devel

%description
Hsb2hs is a preprocessor that allows you to include the contents of files as
string literals in your Haskell programs and libraries. It is an alternative to
file-embed for those who do not want to rely on Template Haskell. See
'README.markdown' for instructions.


%prep
%setup -q

%build
%ghc_bin_build

%install
%ghc_bin_install

%files
%doc LICENSE
%{_bindir}/%{name}

%changelog
