#
# spec file for package hslua
#
# Copyright (c) 2018 SUSE LINUX GmbH, Nuernberg, Germany.
#
# All modifications and additions to the file contributed by third parties
# remain the property of their copyright owners, unless otherwise agreed
# upon. The license for this file, and modifications and additions to the
# file, is the same license as for the pristine package itself (unless the
# license for the pristine package is not an Open Source License, in which
# case the license is the MIT License). An "Open Source License" is a
# license that conforms to the Open Source Definition (Version 1.9)
# published by the Open Source Initiative.

# Please submit bugfixes or comments via http://bugs.opensuse.org/
#

%global pkg_name hslua

%bcond_with tests

Name:           %{pkg_name}
Version:        0.9.5
Release:        0
Summary:        A Lua language interpreter embedding in Haskell
Group:          Development/Libraries/Haskell

License:        MIT
Url:            https://hackage.haskell.org/package/%{name}
Source0:        https://hackage.haskell.org/package/%{name}-%{version}/%{name}-%{version}.tar.gz

BuildRequires:  ghc-Cabal-devel
BuildRequires:  ghc-rpm-macros
BuildRequires:  ghc-bytestring-devel
BuildRequires:  ghc-containers-devel
BuildRequires:  ghc-exceptions-devel
BuildRequires:  ghc-fail-devel
BuildRequires:  ghc-mtl-devel
BuildRequires:  ghc-text-devel
%if %{with tests}
BuildRequires:  ghc-QuickCheck-devel
BuildRequires:  ghc-quickcheck-instances-devel
BuildRequires:  ghc-tasty-devel
BuildRequires:  ghc-tasty-expected-failure-devel
BuildRequires:  ghc-tasty-hunit-devel
BuildRequires:  ghc-tasty-quickcheck-devel
%endif

%description
The Foreign.Lua module is a wrapper of Lua language interpreter as described on
<https://www.lua.org/ lua.org>.

This package contains a full Lua interpreter version 5.3.4. If you want to link
it with a system-wide Lua installation, use the 'system-lua' flag.

<https://github.com/hslua/hslua-examples Example programs> are available in a
separate repository.


%package -n ghc-%{name}
Summary:        Haskell %{name} library
Group:          System/Libraries

%description -n ghc-%{name}
This package provides the Haskell %{name} shared library.


%package -n ghc-%{name}-devel
Summary:        Haskell %{name} library development files
Group:          Development/Libraries/Haskell
Requires:       ghc-compiler = %{ghc_version}
Requires(post): ghc-compiler = %{ghc_version}
Requires(postun): ghc-compiler = %{ghc_version}
Requires:       ghc-%{name} = %{version}-%{release}

%description -n ghc-%{name}-devel
This package provides the Haskell %{name} library development files.


%prep
%setup -q

%build
%ghc_lib_build

%install
%ghc_lib_install

%check
%cabal_test

%post -n ghc-%{name}-devel
%ghc_pkg_recache

%postun -n ghc-%{name}-devel
%ghc_pkg_recache

%files
%doc COPYRIGHT
%doc CHANGELOG.md README.md

%files -n ghc-%{name} -f ghc-%{name}.files
%defattr(-,root,root,-)
%doc COPYRIGHT

%files -n ghc-%{name}-devel -f ghc-%{name}-devel.files
%defattr(-,root,root,-)
%doc CHANGELOG.md README.md

%changelog
