#
# spec file for package JuicyPixels
#
# Copyright (c) 2018 SUSE LINUX GmbH, Nuernberg, Germany.
#
# All modifications and additions to the file contributed by third parties
# remain the property of their copyright owners, unless otherwise agreed
# upon. The license for this file, and modifications and additions to the
# file, is the same license as for the pristine package itself (unless the
# license for the pristine package is not an Open Source License, in which
# case the license is the MIT License). An "Open Source License" is a
# license that conforms to the Open Source Definition (Version 1.9)
# published by the Open Source Initiative.

# Please submit bugfixes or comments via http://bugs.opensuse.org/
#

%global pkg_name JuicyPixels

Name:           %{pkg_name}
Version:        3.2.9.3
Release:        0
Summary:        Picture loading/serialization (in png, jpeg, bitmap, gif, tga, tiff and radiance)
Group:          Development/Libraries/Haskell

License:        BSD-3-Clause
Url:            https://hackage.haskell.org/package/%{name}
Source0:        https://hackage.haskell.org/package/%{name}-%{version}/%{name}-%{version}.tar.gz

BuildRequires:  ghc-Cabal-devel
BuildRequires:  ghc-rpm-macros
BuildRequires:  ghc-binary-devel
BuildRequires:  ghc-bytestring-devel
BuildRequires:  ghc-containers-devel
BuildRequires:  ghc-deepseq-devel
BuildRequires:  ghc-mtl-devel
BuildRequires:  ghc-primitive-devel
BuildRequires:  ghc-transformers-devel
BuildRequires:  ghc-vector-devel
BuildRequires:  ghc-zlib-devel

%description
<<data:image/png;base64,iVBORw0KGgoAAAANSUhEUgAAAMAAAADABAMAAACg8nE0AAAAElBMVEUAAABJqDSTWEL/qyb///8AAABH/1GTAAAAAXRSTlMAQObYZgAAAN5JREFUeF7s1sEJgFAQxFBbsAV72v5bEVYWPwT/XDxmCsi7zvHXavYREBDI3XP2GgICqBBYuwIC+/rVayPUAyAg0HvIXBcQoDFDGnUBgWQQ2Bx3AYFaRoBpAQHWb3bt2ARgGAiCYFFuwf3X5HA/McgGJWI2FdykCv4aBYzmKwDwvl6NVmUAAK2vlwEALK7fo88GANB6HQsAAAAAAAAA7P94AQCzswEAAAAAAAAAAAAAAAAAAICzh4UAO4zWAYBfRutHA4Bn5C69JhowAMGoBaMWDG0wCkbBKBgFo2AUAACPmegUST/IJAAAAABJRU5ErkJggg==>>

This library can load and store images in PNG,Bitmap, Jpeg, Radiance, Tiff and
Gif images.


%package -n ghc-%{name}
Summary:        Haskell %{name} library
Group:          System/Libraries

%description -n ghc-%{name}
This package provides the Haskell %{name} shared library.


%package -n ghc-%{name}-devel
Summary:        Haskell %{name} library development files
Group:          Development/Libraries/Haskell
Requires:       ghc-compiler = %{ghc_version}
Requires(post): ghc-compiler = %{ghc_version}
Requires(postun): ghc-compiler = %{ghc_version}
Requires:       ghc-%{name} = %{version}-%{release}

%description -n ghc-%{name}-devel
This package provides the Haskell %{name} library development files.


%prep
%setup -q

%build
%ghc_lib_build

%install
%ghc_lib_install

%post -n ghc-%{name}-devel
%ghc_pkg_recache

%postun -n ghc-%{name}-devel
%ghc_pkg_recache

%files
%doc LICENSE
%doc README.md changelog docimages

%files -n ghc-%{name} -f ghc-%{name}.files
%defattr(-,root,root,-)
%doc LICENSE

%files -n ghc-%{name}-devel -f ghc-%{name}-devel.files
%defattr(-,root,root,-)
%doc README.md changelog docimages

%changelog
