#
# spec file for package midi
#
# Copyright (c) 2018 SUSE LINUX GmbH, Nuernberg, Germany.
#
# All modifications and additions to the file contributed by third parties
# remain the property of their copyright owners, unless otherwise agreed
# upon. The license for this file, and modifications and additions to the
# file, is the same license as for the pristine package itself (unless the
# license for the pristine package is not an Open Source License, in which
# case the license is the MIT License). An "Open Source License" is a
# license that conforms to the Open Source Definition (Version 1.9)
# published by the Open Source Initiative.

# Please submit bugfixes or comments via http://bugs.opensuse.org/
#

%global pkg_name midi

%bcond_with tests

Name:           %{pkg_name}
Version:        0.2.2.1
Release:        0
Summary:        Handling of MIDI messages and files
Group:          Development/Libraries/Haskell

License:        GPL-1.0+
Url:            https://hackage.haskell.org/package/%{name}
Source0:        https://hackage.haskell.org/package/%{name}-%{version}/%{name}-%{version}.tar.gz

BuildRequires:  ghc-Cabal-devel
BuildRequires:  ghc-rpm-macros
BuildRequires:  ghc-QuickCheck-devel
BuildRequires:  ghc-binary-devel
BuildRequires:  ghc-bytestring-devel
BuildRequires:  ghc-event-list-devel
BuildRequires:  ghc-explicit-exception-devel
BuildRequires:  ghc-monoid-transformer-devel
BuildRequires:  ghc-non-negative-devel
BuildRequires:  ghc-random-devel
BuildRequires:  ghc-transformers-devel
BuildRequires:  ghc-utility-ht-devel

%description
MIDI is the Musical Instrument Digital Interface. The package contains
definition of realtime and file MIDI messages, reading and writing MIDI files,
and some definitions from the General MIDI standard. It contains no sending and
receiving of MIDI messages. For this purpose see the 'alsa-seq', 'jack',
'PortMidi', 'hmidi' packages. For music composition with MIDI output, see
'haskore'. Alternative packages are 'HCodecs', 'zmidi-core'.


%package -n ghc-%{name}
Summary:        Haskell %{name} library
Group:          System/Libraries

%description -n ghc-%{name}
This package provides the Haskell %{name} shared library.


%package -n ghc-%{name}-devel
Summary:        Haskell %{name} library development files
Group:          Development/Libraries/Haskell
Requires:       ghc-compiler = %{ghc_version}
Requires(post): ghc-compiler = %{ghc_version}
Requires(postun): ghc-compiler = %{ghc_version}
Requires:       ghc-%{name} = %{version}-%{release}

%description -n ghc-%{name}-devel
This package provides the Haskell %{name} library development files.


%prep
%setup -q

%build
%ghc_lib_build

%install
%ghc_lib_install

%check
%cabal_test

%post -n ghc-%{name}-devel
%ghc_pkg_recache

%postun -n ghc-%{name}-devel
%ghc_pkg_recache

%files
%doc LICENSE

%files -n ghc-%{name} -f ghc-%{name}.files
%defattr(-,root,root,-)
%doc LICENSE

%files -n ghc-%{name}-devel -f ghc-%{name}-devel.files
%defattr(-,root,root,-)

%changelog
