#
# spec file for package nakadi-client
#
# Copyright (c) 2018 SUSE LINUX GmbH, Nuernberg, Germany.
#
# All modifications and additions to the file contributed by third parties
# remain the property of their copyright owners, unless otherwise agreed
# upon. The license for this file, and modifications and additions to the
# file, is the same license as for the pristine package itself (unless the
# license for the pristine package is not an Open Source License, in which
# case the license is the MIT License). An "Open Source License" is a
# license that conforms to the Open Source Definition (Version 1.9)
# published by the Open Source Initiative.

# Please submit bugfixes or comments via http://bugs.opensuse.org/
#

%global pkg_name nakadi-client

%bcond_with tests

Name:           %{pkg_name}
Version:        0.3.0.0
Release:        0
Summary:        Client library for the Nakadi Event Broker
Group:          Development/Libraries/Haskell

License:        BSD-3-Clause
Url:            https://hackage.haskell.org/package/%{name}
Source0:        https://hackage.haskell.org/package/%{name}-%{version}/%{name}-%{version}.tar.gz

BuildRequires:  ghc-Cabal-devel
BuildRequires:  ghc-rpm-macros
BuildRequires:  ghc-aeson-casing-devel
BuildRequires:  ghc-aeson-devel
BuildRequires:  ghc-bytestring-devel
BuildRequires:  ghc-conduit-combinators-devel
BuildRequires:  ghc-conduit-devel
BuildRequires:  ghc-conduit-extra-devel
BuildRequires:  ghc-containers-devel
BuildRequires:  ghc-hashable-devel
BuildRequires:  ghc-http-client-devel
BuildRequires:  ghc-http-client-tls-devel
BuildRequires:  ghc-http-conduit-devel
BuildRequires:  ghc-http-types-devel
BuildRequires:  ghc-iso8601-time-devel
BuildRequires:  ghc-lens-devel
BuildRequires:  ghc-monad-logger-devel
BuildRequires:  ghc-mtl-devel
BuildRequires:  ghc-resourcet-devel
BuildRequires:  ghc-retry-devel
BuildRequires:  ghc-safe-exceptions-devel
BuildRequires:  ghc-scientific-devel
BuildRequires:  ghc-split-devel
BuildRequires:  ghc-tasty-devel
BuildRequires:  ghc-template-haskell-devel
BuildRequires:  ghc-text-devel
BuildRequires:  ghc-time-devel
BuildRequires:  ghc-transformers-devel
BuildRequires:  ghc-unordered-containers-devel
BuildRequires:  ghc-uuid-devel
BuildRequires:  ghc-vector-devel
%if %{with tests}
BuildRequires:  ghc-async-devel
BuildRequires:  ghc-classy-prelude-devel
BuildRequires:  ghc-lens-aeson-devel
BuildRequires:  ghc-random-devel
BuildRequires:  ghc-say-devel
BuildRequires:  ghc-tasty-hunit-devel
%endif

%description
This package implements a client library for interacting with the Nakadi event
broker system developed by Zalando.


%package -n ghc-%{name}
Summary:        Haskell %{name} library
Group:          System/Libraries

%description -n ghc-%{name}
This package provides the Haskell %{name} shared library.


%package -n ghc-%{name}-devel
Summary:        Haskell %{name} library development files
Group:          Development/Libraries/Haskell
Requires:       ghc-compiler = %{ghc_version}
Requires(post): ghc-compiler = %{ghc_version}
Requires(postun): ghc-compiler = %{ghc_version}
Requires:       ghc-%{name} = %{version}-%{release}

%description -n ghc-%{name}-devel
This package provides the Haskell %{name} library development files.


%prep
%setup -q

%build
%ghc_lib_build

%install
%ghc_lib_install

%check
%cabal_test

%post -n ghc-%{name}-devel
%ghc_pkg_recache

%postun -n ghc-%{name}-devel
%ghc_pkg_recache

%files
%doc LICENSE
%doc README.md

%files -n ghc-%{name} -f ghc-%{name}.files
%defattr(-,root,root,-)
%doc LICENSE

%files -n ghc-%{name}-devel -f ghc-%{name}-devel.files
%defattr(-,root,root,-)
%doc README.md

%changelog
