#
# spec file for package network-uri
#
# Copyright (c) 2018 SUSE LINUX GmbH, Nuernberg, Germany.
#
# All modifications and additions to the file contributed by third parties
# remain the property of their copyright owners, unless otherwise agreed
# upon. The license for this file, and modifications and additions to the
# file, is the same license as for the pristine package itself (unless the
# license for the pristine package is not an Open Source License, in which
# case the license is the MIT License). An "Open Source License" is a
# license that conforms to the Open Source Definition (Version 1.9)
# published by the Open Source Initiative.

# Please submit bugfixes or comments via http://bugs.opensuse.org/
#

%global pkg_name network-uri

%bcond_with tests

Name:           %{pkg_name}
Version:        2.6.1.0
Release:        0
Summary:        URI manipulation
Group:          Development/Libraries/Haskell

License:        BSD-3-Clause
Url:            https://hackage.haskell.org/package/%{name}
Source0:        https://hackage.haskell.org/package/%{name}-%{version}/%{name}-%{version}.tar.gz

BuildRequires:  ghc-Cabal-devel
BuildRequires:  ghc-rpm-macros
BuildRequires:  ghc-deepseq-devel
BuildRequires:  ghc-parsec-devel
%if %{with tests}
BuildRequires:  ghc-HUnit-devel
BuildRequires:  ghc-test-framework-devel
BuildRequires:  ghc-test-framework-hunit-devel
BuildRequires:  ghc-test-framework-quickcheck2-devel
%endif

%description
This package provides an URI manipulation interface.

In network-2.6 the 'Network.URI' module was split off from the network package
into this package. If you're using the 'Network.URI' module you can
automatically get it from the right package by adding this to your .cabal file:

> flag network-uri > description: Get Network.URI from the network-uri package
> default: True > > library > -- ... > if flag(network-uri) > build-depends:
network-uri >= 2.6, network >= 2.6 > else > build-depends: network-uri < 2.6,
network < 2.6

That is, get the module from either network < 2.6 or from network-uri >= 2.6.


%package -n ghc-%{name}
Summary:        Haskell %{name} library
Group:          System/Libraries

%description -n ghc-%{name}
This package provides the Haskell %{name} shared library.


%package -n ghc-%{name}-devel
Summary:        Haskell %{name} library development files
Group:          Development/Libraries/Haskell
Requires:       ghc-compiler = %{ghc_version}
Requires(post): ghc-compiler = %{ghc_version}
Requires(postun): ghc-compiler = %{ghc_version}
Requires:       ghc-%{name} = %{version}-%{release}

%description -n ghc-%{name}-devel
This package provides the Haskell %{name} library development files.


%prep
%setup -q

%build
%ghc_lib_build

%install
%ghc_lib_install

%check
%cabal_test

%post -n ghc-%{name}-devel
%ghc_pkg_recache

%postun -n ghc-%{name}-devel
%ghc_pkg_recache

%files
%doc LICENSE

%files -n ghc-%{name} -f ghc-%{name}.files
%defattr(-,root,root,-)
%doc LICENSE

%files -n ghc-%{name}-devel -f ghc-%{name}-devel.files
%defattr(-,root,root,-)

%changelog
