#
# spec file for package placeholders
#
# Copyright (c) 2018 SUSE LINUX GmbH, Nuernberg, Germany.
#
# All modifications and additions to the file contributed by third parties
# remain the property of their copyright owners, unless otherwise agreed
# upon. The license for this file, and modifications and additions to the
# file, is the same license as for the pristine package itself (unless the
# license for the pristine package is not an Open Source License, in which
# case the license is the MIT License). An "Open Source License" is a
# license that conforms to the Open Source Definition (Version 1.9)
# published by the Open Source Initiative.

# Please submit bugfixes or comments via http://bugs.opensuse.org/
#

%global pkg_name placeholders

Name:           %{pkg_name}
Version:        0.1
Release:        0
Summary:        Placeholders for use while developing Haskell code
Group:          Development/Libraries/Haskell

License:        BSD-3-Clause
Url:            https://hackage.haskell.org/package/%{name}
Source0:        https://hackage.haskell.org/package/%{name}-%{version}/%{name}-%{version}.tar.gz

BuildRequires:  ghc-Cabal-devel
BuildRequires:  ghc-rpm-macros
BuildRequires:  ghc-template-haskell-devel

%description
While working on some Haskell code, it is often useful to work incrementally by
inserting 'undefined' as a placeholder for missing code.

This library provides placeholders that produce better messages when evaluated
at run-time and also generate compile-time warnings so that they do not get
forgotten so easily. For details, see <http://github.com/ahammar/placeholders>.


%package -n ghc-%{name}
Summary:        Haskell %{name} library
Group:          System/Libraries

%description -n ghc-%{name}
This package provides the Haskell %{name} shared library.


%package -n ghc-%{name}-devel
Summary:        Haskell %{name} library development files
Group:          Development/Libraries/Haskell
Requires:       ghc-compiler = %{ghc_version}
Requires(post): ghc-compiler = %{ghc_version}
Requires(postun): ghc-compiler = %{ghc_version}
Requires:       ghc-%{name} = %{version}-%{release}

%description -n ghc-%{name}-devel
This package provides the Haskell %{name} library development files.


%prep
%setup -q

%build
%ghc_lib_build

%install
%ghc_lib_install

%post -n ghc-%{name}-devel
%ghc_pkg_recache

%postun -n ghc-%{name}-devel
%ghc_pkg_recache

%files
%doc LICENSE
%doc README.markdown

%files -n ghc-%{name} -f ghc-%{name}.files
%defattr(-,root,root,-)
%doc LICENSE

%files -n ghc-%{name}-devel -f ghc-%{name}-devel.files
%defattr(-,root,root,-)
%doc README.markdown

%changelog
