#
# spec file for package sbv
#
# Copyright (c) 2018 SUSE LINUX GmbH, Nuernberg, Germany.
#
# All modifications and additions to the file contributed by third parties
# remain the property of their copyright owners, unless otherwise agreed
# upon. The license for this file, and modifications and additions to the
# file, is the same license as for the pristine package itself (unless the
# license for the pristine package is not an Open Source License, in which
# case the license is the MIT License). An "Open Source License" is a
# license that conforms to the Open Source Definition (Version 1.9)
# published by the Open Source Initiative.

# Please submit bugfixes or comments via http://bugs.opensuse.org/
#

%global pkg_name sbv

%bcond_with tests

Name:           %{pkg_name}
Version:        7.4
Release:        0
Summary:        SMT Based Verification: Symbolic Haskell theorem prover using SMT solving
Group:          Development/Libraries/Haskell

License:        BSD-3-Clause
Url:            https://hackage.haskell.org/package/%{name}
Source0:        https://hackage.haskell.org/package/%{name}-%{version}/%{name}-%{version}.tar.gz

BuildRequires:  ghc-Cabal-devel
BuildRequires:  ghc-rpm-macros
BuildRequires:  ghc-QuickCheck-devel
BuildRequires:  ghc-array-devel
BuildRequires:  ghc-async-devel
BuildRequires:  ghc-containers-devel
BuildRequires:  ghc-crackNum-devel
BuildRequires:  ghc-data-binary-ieee754-devel
BuildRequires:  ghc-deepseq-devel
BuildRequires:  ghc-directory-devel
BuildRequires:  ghc-filepath-devel
BuildRequires:  ghc-generic-deriving-devel
BuildRequires:  ghc-ghc-devel
BuildRequires:  ghc-mtl-devel
BuildRequires:  ghc-pretty-devel
BuildRequires:  ghc-process-devel
BuildRequires:  ghc-random-devel
BuildRequires:  ghc-syb-devel
BuildRequires:  ghc-template-haskell-devel
BuildRequires:  ghc-time-devel
%if %{with tests}
BuildRequires:  ghc-Glob-devel
BuildRequires:  ghc-bytestring-devel
BuildRequires:  ghc-doctest-devel
BuildRequires:  ghc-hlint-devel
BuildRequires:  ghc-tasty-devel
BuildRequires:  ghc-tasty-golden-devel
BuildRequires:  ghc-tasty-hunit-devel
%endif

%description
Express properties about Haskell programs and automatically prove them using
SMT (Satisfiability Modulo Theories) solvers.

For details, please see: <http://leventerkok.github.com/sbv/>.


%package -n ghc-%{name}
Summary:        Haskell %{name} library
Group:          System/Libraries

%description -n ghc-%{name}
This package provides the Haskell %{name} shared library.


%package -n ghc-%{name}-devel
Summary:        Haskell %{name} library development files
Group:          Development/Libraries/Haskell
Requires:       ghc-compiler = %{ghc_version}
Requires(post): ghc-compiler = %{ghc_version}
Requires(postun): ghc-compiler = %{ghc_version}
Requires:       ghc-%{name} = %{version}-%{release}

%description -n ghc-%{name}-devel
This package provides the Haskell %{name} library development files.


%prep
%setup -q

%build
%ghc_lib_build

%install
%ghc_lib_install

%check
%cabal_test

%post -n ghc-%{name}-devel
%ghc_pkg_recache

%postun -n ghc-%{name}-devel
%ghc_pkg_recache

%files
%doc LICENSE
%doc CHANGES.md README.md
%dir %{_datadir}/%{name}-%{version}
%dir %{_datadir}/%{name}-%{version}/SBVTestSuite
%dir %{_datadir}/%{name}-%{version}/SBVTestSuite/GoldFiles
%{_datadir}/%{name}-%{version}/SBVTestSuite/GoldFiles/*.gold

%files -n ghc-%{name} -f ghc-%{name}.files
%defattr(-,root,root,-)
%doc LICENSE

%files -n ghc-%{name}-devel -f ghc-%{name}-devel.files
%defattr(-,root,root,-)
%doc CHANGES.md README.md

%changelog
