#
# spec file for package swagger2
#
# Copyright (c) 2018 SUSE LINUX GmbH, Nuernberg, Germany.
#
# All modifications and additions to the file contributed by third parties
# remain the property of their copyright owners, unless otherwise agreed
# upon. The license for this file, and modifications and additions to the
# file, is the same license as for the pristine package itself (unless the
# license for the pristine package is not an Open Source License, in which
# case the license is the MIT License). An "Open Source License" is a
# license that conforms to the Open Source Definition (Version 1.9)
# published by the Open Source Initiative.

# Please submit bugfixes or comments via http://bugs.opensuse.org/
#

%global pkg_name swagger2

%bcond_with tests

Name:           %{pkg_name}
Version:        2.2
Release:        0
Summary:        Swagger 2.0 data model
Group:          Development/Libraries/Haskell

License:        BSD-3-Clause
Url:            https://hackage.haskell.org/package/%{name}
Source0:        https://hackage.haskell.org/package/%{name}-%{version}/%{name}-%{version}.tar.gz

BuildRequires:  ghc-Cabal-devel
BuildRequires:  ghc-rpm-macros
BuildRequires:  ghc-aeson-devel
BuildRequires:  ghc-base-compat-devel
BuildRequires:  ghc-bytestring-devel
BuildRequires:  ghc-cabal-doctest-devel
BuildRequires:  ghc-containers-devel
BuildRequires:  ghc-generics-sop-devel
BuildRequires:  ghc-hashable-devel
BuildRequires:  ghc-http-media-devel
BuildRequires:  ghc-insert-ordered-containers-devel
BuildRequires:  ghc-lens-devel
BuildRequires:  ghc-mtl-devel
BuildRequires:  ghc-network-devel
BuildRequires:  ghc-scientific-devel
BuildRequires:  ghc-template-haskell-devel
BuildRequires:  ghc-text-devel
BuildRequires:  ghc-time-devel
BuildRequires:  ghc-transformers-compat-devel
BuildRequires:  ghc-transformers-devel
BuildRequires:  ghc-unordered-containers-devel
BuildRequires:  ghc-uuid-types-devel
BuildRequires:  ghc-vector-devel
%if %{with tests}
BuildRequires:  ghc-Glob-devel
BuildRequires:  ghc-HUnit-devel
BuildRequires:  ghc-QuickCheck-devel
BuildRequires:  ghc-aeson-qq-devel
BuildRequires:  ghc-doctest-devel
BuildRequires:  ghc-hspec-devel
%endif

%description
This library is inteded to be used for decoding and encoding Swagger 2.0 API
specifications as well as manipulating them.

The original Swagger 2.0 specification is available at
http://swagger.io/specification/.


%package -n ghc-%{name}
Summary:        Haskell %{name} library
Group:          System/Libraries

%description -n ghc-%{name}
This package provides the Haskell %{name} shared library.


%package -n ghc-%{name}-devel
Summary:        Haskell %{name} library development files
Group:          Development/Libraries/Haskell
Requires:       ghc-compiler = %{ghc_version}
Requires(post): ghc-compiler = %{ghc_version}
Requires(postun): ghc-compiler = %{ghc_version}
Requires:       ghc-%{name} = %{version}-%{release}

%description -n ghc-%{name}-devel
This package provides the Haskell %{name} library development files.


%prep
%setup -q

%build
%ghc_lib_build

%install
%ghc_lib_install

%check
%cabal_test

%post -n ghc-%{name}-devel
%ghc_pkg_recache

%postun -n ghc-%{name}-devel
%ghc_pkg_recache

%files
%doc LICENSE
%doc CHANGELOG.md README.md examples

%files -n ghc-%{name} -f ghc-%{name}.files
%defattr(-,root,root,-)
%doc LICENSE

%files -n ghc-%{name}-devel -f ghc-%{name}-devel.files
%defattr(-,root,root,-)
%doc CHANGELOG.md README.md examples

%changelog
