#
# spec file for package text-show
#
# Copyright (c) 2018 SUSE LINUX GmbH, Nuernberg, Germany.
#
# All modifications and additions to the file contributed by third parties
# remain the property of their copyright owners, unless otherwise agreed
# upon. The license for this file, and modifications and additions to the
# file, is the same license as for the pristine package itself (unless the
# license for the pristine package is not an Open Source License, in which
# case the license is the MIT License). An "Open Source License" is a
# license that conforms to the Open Source Definition (Version 1.9)
# published by the Open Source Initiative.

# Please submit bugfixes or comments via http://bugs.opensuse.org/
#

%global pkg_name text-show

%bcond_with tests

Name:           %{pkg_name}
Version:        3.7.1
Release:        0
Summary:        Efficient conversion of values into Text
Group:          Development/Libraries/Haskell

License:        BSD-3-Clause
Url:            https://hackage.haskell.org/package/%{name}
Source0:        https://hackage.haskell.org/package/%{name}-%{version}/%{name}-%{version}.tar.gz

BuildRequires:  ghc-Cabal-devel
BuildRequires:  ghc-rpm-macros
BuildRequires:  ghc-array-devel
BuildRequires:  ghc-base-compat-devel
BuildRequires:  ghc-bifunctors-devel
BuildRequires:  ghc-bytestring-builder-devel
BuildRequires:  ghc-bytestring-devel
BuildRequires:  ghc-containers-devel
BuildRequires:  ghc-contravariant-devel
BuildRequires:  ghc-generic-deriving-devel
BuildRequires:  ghc-ghc-boot-th-devel
BuildRequires:  ghc-nats-devel
BuildRequires:  ghc-semigroups-devel
BuildRequires:  ghc-tagged-devel
BuildRequires:  ghc-template-haskell-devel
BuildRequires:  ghc-text-devel
BuildRequires:  ghc-th-abstraction-devel
BuildRequires:  ghc-th-lift-devel
BuildRequires:  ghc-transformers-compat-devel
BuildRequires:  ghc-transformers-devel
BuildRequires:  ghc-void-devel
%if %{with tests}
BuildRequires:  ghc-QuickCheck-devel
BuildRequires:  ghc-base-orphans-devel
BuildRequires:  ghc-deriving-compat-devel
BuildRequires:  ghc-hspec-devel
BuildRequires:  ghc-quickcheck-instances-devel
%endif

%description
'text-show' offers a replacement for the 'Show' typeclass intended for use with
'Text' instead of 'String's. This package was created in the spirit of
'<http://hackage.haskell.org/package/bytestring-show bytestring-show>'.

At the moment, 'text-show' provides instances for most data types in the
'<http://hackage.haskell.org/package/array array>',
'<http://hackage.haskell.org/package/base base>',
'<http://hackage.haskell.org/package/bytestring bytestring>', and
'<http://hackage.haskell.org/package/text text>' packages. Therefore, much of
the source code for 'text-show' consists of borrowed code from those packages
in order to ensure that the behaviors of 'Show' and 'TextShow' coincide.

For most uses, simply importing "TextShow" will suffice:

' module Main where

import TextShow

main :: IO () main = printT (Just "Hello, World!") '

If you desire it, there are also monomorphic versions of the 'showb' function
available in the submodules of "TextShow". See the
<https://github.com/RyanGlScott/text-show/wiki/Naming-conventions naming
conventions> page for more information.

Support for automatically deriving 'TextShow' instances can be found in the
"TextShow.TH" and "TextShow.Generic" modules.


%package -n ghc-%{name}
Summary:        Haskell %{name} library
Group:          System/Libraries

%description -n ghc-%{name}
This package provides the Haskell %{name} shared library.


%package -n ghc-%{name}-devel
Summary:        Haskell %{name} library development files
Group:          Development/Libraries/Haskell
Requires:       ghc-compiler = %{ghc_version}
Requires(post): ghc-compiler = %{ghc_version}
Requires(postun): ghc-compiler = %{ghc_version}
Requires:       ghc-%{name} = %{version}-%{release}

%description -n ghc-%{name}-devel
This package provides the Haskell %{name} library development files.


%prep
%setup -q

%build
%ghc_lib_build

%install
%ghc_lib_install

%check
%cabal_test

%post -n ghc-%{name}-devel
%ghc_pkg_recache

%postun -n ghc-%{name}-devel
%ghc_pkg_recache

%files
%doc LICENSE
%doc CHANGELOG.md README.md

%files -n ghc-%{name} -f ghc-%{name}.files
%defattr(-,root,root,-)
%doc LICENSE

%files -n ghc-%{name}-devel -f ghc-%{name}-devel.files
%defattr(-,root,root,-)
%doc CHANGELOG.md README.md

%changelog
