#
# spec file for package xml-conduit-parse
#
# Copyright (c) 2018 SUSE LINUX GmbH, Nuernberg, Germany.
#
# All modifications and additions to the file contributed by third parties
# remain the property of their copyright owners, unless otherwise agreed
# upon. The license for this file, and modifications and additions to the
# file, is the same license as for the pristine package itself (unless the
# license for the pristine package is not an Open Source License, in which
# case the license is the MIT License). An "Open Source License" is a
# license that conforms to the Open Source Definition (Version 1.9)
# published by the Open Source Initiative.

# Please submit bugfixes or comments via http://bugs.opensuse.org/
#

%global pkg_name xml-conduit-parse

%bcond_with tests

Name:           %{pkg_name}
Version:        0.3.1.2
Release:        0
Summary:        Streaming XML parser based on conduits
Group:          Development/Libraries/Haskell

License:        Unknown
Url:            https://hackage.haskell.org/package/%{name}
Source0:        https://hackage.haskell.org/package/%{name}-%{version}/%{name}-%{version}.tar.gz

BuildRequires:  ghc-Cabal-devel
BuildRequires:  ghc-rpm-macros
BuildRequires:  ghc-conduit-devel
BuildRequires:  ghc-conduit-parse-devel
BuildRequires:  ghc-containers-devel
BuildRequires:  ghc-exceptions-devel
BuildRequires:  ghc-parsers-devel
BuildRequires:  ghc-text-devel
BuildRequires:  ghc-xml-conduit-devel
BuildRequires:  ghc-xml-types-devel
%if %{with tests}
BuildRequires:  ghc-data-default-devel
BuildRequires:  ghc-hlint-devel
BuildRequires:  ghc-resourcet-devel
BuildRequires:  ghc-tasty-devel
BuildRequires:  ghc-tasty-hunit-devel
%endif

%description
This library provides an alternative, hopefully higher-level implementation for
the parsing part of 'xml-conduit'.


%package -n ghc-%{name}
Summary:        Haskell %{name} library
Group:          System/Libraries

%description -n ghc-%{name}
This package provides the Haskell %{name} shared library.


%package -n ghc-%{name}-devel
Summary:        Haskell %{name} library development files
Group:          Development/Libraries/Haskell
Requires:       ghc-compiler = %{ghc_version}
Requires(post): ghc-compiler = %{ghc_version}
Requires(postun): ghc-compiler = %{ghc_version}
Requires:       ghc-%{name} = %{version}-%{release}

%description -n ghc-%{name}-devel
This package provides the Haskell %{name} library development files.


%prep
%setup -q

%build
%ghc_lib_build

%install
%ghc_lib_install

%check
%cabal_test

%post -n ghc-%{name}-devel
%ghc_pkg_recache

%postun -n ghc-%{name}-devel
%ghc_pkg_recache

%files
%doc LICENSE

%files -n ghc-%{name} -f ghc-%{name}.files
%defattr(-,root,root,-)
%doc LICENSE

%files -n ghc-%{name}-devel -f ghc-%{name}-devel.files
%defattr(-,root,root,-)

%changelog
